// Jest Snapshot v1, https://goo.gl/fbAQLP

exports[`Test in <FirstApp /> should show the component successfully 1`] = `
<Fragment>
  <h1>
    Hello World
  </h1>
  <p>
    Default message property
  </p>
</Fragment>
`;
